CREATE EXTENSION ts_parser;
SELECT * FROM ts_token_type('ts_parser');
 tokid |      alias      |               description                
-------+-----------------+------------------------------------------
     1 | asciiword       | Word, all ASCII
     2 | word            | Word, all letters
     3 | numword         | Word, letters and digits
     4 | email           | Email address
     5 | url             | URL
     6 | host            | Host
     7 | sfloat          | Scientific notation
     8 | version         | Version number
     9 | hword_numpart   | Hyphenated word part, letters and digits
    10 | hword_part      | Hyphenated word part, all letters
    11 | hword_asciipart | Hyphenated word part, all ASCII
    12 | blank           | Space symbols
    13 | tag             | XML tag
    14 | protocol        | Protocol head
    15 | numhword        | Hyphenated word, letters and digits
    16 | asciihword      | Hyphenated word, all ASCII
    17 | hword           | Hyphenated word, all letters
    18 | url_path        | URL path
    19 | file            | File or path name
    20 | float           | Decimal notation
    21 | int             | Signed integer
    22 | uint            | Unsigned integer
    23 | entity          | XML entity
(23 rows)

SELECT * FROM ts_parse('ts_parser', '345 qwe@efd.r '' http://www.com/ http://aew.werc.ewr/?ad=qwe&dw 1aew.werc.ewr/?ad=qwe&dw 2aew.werc.ewr http://3aew.werc.ewr/?ad=qwe&dw http://4aew.werc.ewr http://5aew.werc.ewr:8100/?  ad=qwe&dw 6aew.werc.ewr:8100/?ad=qwe&dw 7aew.werc.ewr:8100/?ad=qwe&dw=%20%32 +4.0e-10 qwe qwe qwqwe 234.435 455 5.005 teodor@stack.net teodor@123-stack.net 123_teodor@stack.net 123-teodor@stack.net qwe-wer asdf <fr>qwer jf sdjk<we hjwer <werrwe> ewr1> ewri2 <a href="qwe<qwe>">
/usr/local/fff /awdf/dwqe/4325 rewt/ewr wefjn /wqe-324/ewr gist.h gist.h.c gist.c. readline 4.2 4.2. 4.2, readline-4.2 readline-4.2. 234
<i <b> wow  < jqw <> qwerty');
 tokid |                token                 
-------+--------------------------------------
    22 | 345
    12 |  
     1 | qwe
    12 | @
    19 | efd.r
    12 |  ' 
    14 | http://
     6 | www.com
    12 | / 
    14 | http://
     5 | aew.werc.ewr/?ad=qwe&dw
     6 | aew.werc.ewr
    18 | /?ad=qwe&dw
    12 |  
     5 | 1aew.werc.ewr/?ad=qwe&dw
     6 | 1aew.werc.ewr
    18 | /?ad=qwe&dw
    12 |  
     6 | 2aew.werc.ewr
    12 |  
    14 | http://
     5 | 3aew.werc.ewr/?ad=qwe&dw
     6 | 3aew.werc.ewr
    18 | /?ad=qwe&dw
    12 |  
    14 | http://
     6 | 4aew.werc.ewr
    12 |  
    14 | http://
     5 | 5aew.werc.ewr:8100/?
     6 | 5aew.werc.ewr:8100
    18 | /?
    12 |   
     1 | ad
    12 | =
     1 | qwe
    12 | &
     1 | dw
    12 |  
     5 | 6aew.werc.ewr:8100/?ad=qwe&dw
     6 | 6aew.werc.ewr:8100
    18 | /?ad=qwe&dw
    12 |  
     5 | 7aew.werc.ewr:8100/?ad=qwe&dw=%20%32
     6 | 7aew.werc.ewr:8100
    18 | /?ad=qwe&dw=%20%32
    12 |  
     7 | +4.0e-10
    12 |  
     1 | qwe
    12 |  
     1 | qwe
    12 |  
     1 | qwqwe
    12 |  
    20 | 234.435
    12 |  
    22 | 455
    12 |  
    20 | 5.005
    12 |  
     4 | teodor@stack.net
    12 |  
     4 | teodor@123-stack.net
    12 |  
     4 | 123_teodor@stack.net
    12 |  
     4 | 123-teodor@stack.net
    12 |  
    16 | qwe-wer
    11 | qwe
    12 | -
    11 | wer
    12 |  
     1 | asdf
    12 |  
    13 | <fr>
     1 | qwer
    12 |  
     1 | jf
    12 |  
     1 | sdjk
    12 | <
     1 | we
    12 |  
     1 | hjwer
    12 |  
    13 | <werrwe>
    12 |  
     3 | ewr1
    12 | > 
     3 | ewri2
    12 |  
    13 | <a href="qwe<qwe>">
    12 |                                     +
       | 
    19 | /usr/local/fff
    12 |  
    19 | /awdf/dwqe/4325
    12 |  
    19 | rewt/ewr
    12 |  
     1 | wefjn
    12 |  
    19 | /wqe-324/ewr
    12 |  
    19 | gist.h
    12 |  
    19 | gist.h.c
    12 |  
    19 | gist.c
    12 | . 
     1 | readline
    12 |  
    20 | 4.2
    12 |  
    20 | 4.2
    12 | . 
    20 | 4.2
    12 | , 
    15 | readline-4.2
    11 | readline
    12 | -
     9 | 4.2
    12 |  
    15 | readline-4.2
    11 | readline
    12 | -
     9 | 4.2.
    12 |  
    22 | 234
    12 |                                     +
       | 
    12 | <
     1 | i
    12 |  
    13 | <b>
    12 |  
     1 | wow
    12 |   
    12 | < 
     1 | jqw
    12 |  
    12 | <> 
     1 | qwerty
(143 rows)

-- Test text search configuration with parser
CREATE TEXT SEARCH CONFIGURATION english_ts (
    PARSER = ts_parser
);
ALTER TEXT SEARCH CONFIGURATION english_ts
    ADD MAPPING FOR email, file, float, host, hword_numpart, int,
    numhword, numword, sfloat, uint, url, url_path, version
    WITH simple;
ALTER TEXT SEARCH CONFIGURATION english_ts
    ADD MAPPING FOR asciiword, asciihword, hword_asciipart,
    word, hword, hword_part
    WITH english_stem;
SELECT to_tsvector('english_ts', 'pg_trgm');
         to_tsvector         
-----------------------------
 'pg':2 'pg_trgm':1 'trgm':3
(1 row)

SELECT to_tsvector('english_ts', '12_abc');
        to_tsvector        
---------------------------
 '12':2 '12_abc':1 'abc':3
(1 row)

SELECT to_tsvector('english_ts', '12-abc');
        to_tsvector        
---------------------------
 '12':2 '12-abc':1 'abc':3
(1 row)

